{"Id":"11111111-1111-1111-1111-111111111111","Version":5}